// Jest Snapshot v1, https://goo.gl/fbAQLP

exports[`Counter renders the Counter component correctly with an initial count 1`] = `
<div>
  <p>
    Count: 
    0
  </p>
  <button
    onClick={[Function]}
  >
    -1
  </button>
  <button
    onClick={[Function]}
  >
    +1
  </button>
</div>
`;
